[0.063s] Invoking command in '/home/emine/ros2_ws/build/tutorial_interfaces': /usr/bin/cmake /home/emine/ros2_ws/src/tutorial_interfaces -DCMAKE_INSTALL_PREFIX=/home/emine/ros2_ws/install/tutorial_interfaces
[0.071s] -- Found ament_cmake: 0.9.12 (/opt/ros/foxy/share/ament_cmake/cmake)
[0.084s] -- Using PYTHON_EXECUTABLE: /usr/bin/python3
[0.184s] -- Found ament_lint_auto: 0.9.8 (/opt/ros/foxy/share/ament_lint_auto/cmake)
[0.211s] Error parsing '/home/emine/ros2_ws/src/tutorial_interfaces/package.xml':
[0.275s] Traceback (most recent call last):
[0.276s]   File "/usr/lib/python3/dist-packages/catkin_pkg/package.py", line 610, in parse_package_string
[0.276s]     root = dom.parseString(data)
[0.276s]   File "/usr/lib/python3.8/xml/dom/minidom.py", line 1969, in parseString
[0.276s]     return expatbuilder.parseString(string)
[0.276s]   File "/usr/lib/python3.8/xml/dom/expatbuilder.py", line 925, in parseString
[0.276s]     return builder.parseString(string)
[0.276s]   File "/usr/lib/python3.8/xml/dom/expatbuilder.py", line 223, in parseString
[0.276s]     parser.Parse(string, True)
[0.276s] xml.parsers.expat.ExpatError: not well-formed (invalid token): line 4, column 0
[0.276s] 
[0.276s] During handling of the above exception, another exception occurred:
[0.276s] 
[0.276s] Traceback (most recent call last):
[0.276s]   File "/opt/ros/foxy/share/ament_cmake_core/cmake/core/package_xml_2_cmake.py", line 143, in <module>
[0.276s]     main()
[0.276s]   File "/opt/ros/foxy/share/ament_cmake_core/cmake/core/package_xml_2_cmake.py", line 52, in main
[0.276s]     raise e
[0.276s]   File "/opt/ros/foxy/share/ament_cmake_core/cmake/core/package_xml_2_cmake.py", line 48, in main
[0.276s]     package = parse_package_string(
[0.276s]   File "/usr/lib/python3/dist-packages/catkin_pkg/package.py", line 612, in parse_package_string
[0.276s]     raise InvalidPackage('The manifest contains invalid XML:\n%s' % ex, filename)
[0.276s] catkin_pkg.package.InvalidPackage: Error(s) in package '/home/emine/ros2_ws/src/tutorial_interfaces/package.xml':
[0.276s] The manifest contains invalid XML:
[0.276s] not well-formed (invalid token): line 4, column 0
[0.286s] CMake Error at /opt/ros/foxy/share/ament_cmake_core/cmake/core/ament_package_xml.cmake:94 (message):
[0.286s]   execute_process(/usr/bin/python3
[0.286s]   /opt/ros/foxy/share/ament_cmake_core/cmake/core/package_xml_2_cmake.py
[0.286s]   /home/emine/ros2_ws/src/tutorial_interfaces/package.xml
[0.286s]   /home/emine/ros2_ws/build/tutorial_interfaces/ament_cmake_core/package.cmake)
[0.286s]   returned error code 1
[0.286s] Call Stack (most recent call first):
[0.286s]   /opt/ros/foxy/share/ament_cmake_core/cmake/core/ament_package_xml.cmake:49 (_ament_package_xml)
[0.287s]   /opt/ros/foxy/share/ament_lint_auto/cmake/ament_lint_auto_find_test_dependencies.cmake:31 (ament_package_xml)
[0.287s]   CMakeLists.txt:32 (ament_lint_auto_find_test_dependencies)
[0.287s] 
[0.287s] 
[0.287s] -- Configuring incomplete, errors occurred!
[0.287s] See also "/home/emine/ros2_ws/build/tutorial_interfaces/CMakeFiles/CMakeOutput.log".
[0.288s] Invoked command in '/home/emine/ros2_ws/build/tutorial_interfaces' returned '1': /usr/bin/cmake /home/emine/ros2_ws/src/tutorial_interfaces -DCMAKE_INSTALL_PREFIX=/home/emine/ros2_ws/install/tutorial_interfaces
