[0.000000] (-) TimerEvent: {}
[0.000301] (-) JobUnselected: {'identifier': 'examples_rclcpp_minimal_action_client'}
[0.000327] (-) JobUnselected: {'identifier': 'examples_rclcpp_minimal_action_server'}
[0.000338] (-) JobUnselected: {'identifier': 'examples_rclcpp_minimal_client'}
[0.000346] (-) JobUnselected: {'identifier': 'examples_rclcpp_minimal_composition'}
[0.000355] (-) JobUnselected: {'identifier': 'examples_rclcpp_minimal_publisher'}
[0.000363] (-) JobUnselected: {'identifier': 'examples_rclcpp_minimal_service'}
[0.000371] (-) JobUnselected: {'identifier': 'examples_rclcpp_minimal_subscriber'}
[0.000379] (-) JobUnselected: {'identifier': 'examples_rclcpp_minimal_timer'}
[0.000386] (-) JobUnselected: {'identifier': 'examples_rclcpp_multithreaded_executor'}
[0.000394] (-) JobUnselected: {'identifier': 'examples_rclpy_executors'}
[0.000401] (-) JobUnselected: {'identifier': 'examples_rclpy_minimal_action_client'}
[0.000409] (-) JobUnselected: {'identifier': 'examples_rclpy_minimal_action_server'}
[0.000416] (-) JobUnselected: {'identifier': 'examples_rclpy_minimal_client'}
[0.000424] (-) JobUnselected: {'identifier': 'examples_rclpy_minimal_publisher'}
[0.000431] (-) JobUnselected: {'identifier': 'examples_rclpy_minimal_service'}
[0.000438] (-) JobUnselected: {'identifier': 'examples_rclpy_minimal_subscriber'}
[0.000449] (-) JobUnselected: {'identifier': 'my_package'}
[0.000458] (-) JobUnselected: {'identifier': 'py_pubsub'}
[0.000466] (-) JobUnselected: {'identifier': 'py_srvcli'}
[0.000475] (-) JobUnselected: {'identifier': 'turtlesim'}
[0.000484] (tutorial_interfaces) JobQueued: {'identifier': 'tutorial_interfaces', 'dependencies': OrderedDict()}
[0.000495] (tutorial_interfaces) JobStarted: {'identifier': 'tutorial_interfaces'}
[0.061563] (tutorial_interfaces) JobProgress: {'identifier': 'tutorial_interfaces', 'progress': 'cmake'}
[0.061761] (tutorial_interfaces) Command: {'cmd': ['/usr/bin/cmake', '/home/emine/ros2_ws/src/tutorial_interfaces', '-DCMAKE_INSTALL_PREFIX=/home/emine/ros2_ws/install/tutorial_interfaces'], 'cwd': '/home/emine/ros2_ws/build/tutorial_interfaces', 'env': OrderedDict([('LESSOPEN', '| /usr/bin/lesspipe %s'), ('USER', 'emine'), ('SSH_AGENT_PID', '1936'), ('XDG_SESSION_TYPE', 'x11'), ('SHLVL', '1'), ('LD_LIBRARY_PATH', '/opt/ros/foxy/opt/yaml_cpp_vendor/lib:/opt/ros/foxy/opt/rviz_ogre_vendor/lib:/opt/ros/foxy/lib/x86_64-linux-gnu:/opt/ros/foxy/lib'), ('HOME', '/home/emine'), ('OLDPWD', '/home/emine/ros2_ws/src'), ('DESKTOP_SESSION', 'ubuntu'), ('ROS_PYTHON_VERSION', '3'), ('GNOME_SHELL_SESSION_MODE', 'ubuntu'), ('GTK_MODULES', 'gail:atk-bridge'), ('MANAGERPID', '1707'), ('DBUS_SESSION_BUS_ADDRESS', 'unix:path=/run/user/1000/bus'), ('LC_all', 'en_USu.'), ('COLORTERM', 'truecolor'), ('_colcon_cd_root', '/opt/ros/foxy/'), ('IM_CONFIG_PHASE', '1'), ('ROS_DISTRO', 'foxy'), ('LOGNAME', 'emine'), ('JOURNAL_STREAM', '8:53675'), ('_', '/usr/bin/colcon'), ('ROS_VERSION', '2'), ('XDG_SESSION_CLASS', 'user'), ('USERNAME', 'emine'), ('TERM', 'xterm-256color'), ('GNOME_DESKTOP_SESSION_ID', 'this-is-deprecated'), ('ROS_LOCALHOST_ONLY', '1'), ('WINDOWPATH', '2'), ('PATH', '/opt/ros/foxy/bin:/usr/local/sbin:/usr/local/bin:/usr/sbin:/usr/bin:/sbin:/bin:/usr/games:/usr/local/games:/snap/bin'), ('SESSION_MANAGER', 'local/emine-TULPAR-T5-V21-6:@/tmp/.ICE-unix/1974,unix/emine-TULPAR-T5-V21-6:/tmp/.ICE-unix/1974'), ('INVOCATION_ID', '509478c0a30c4fb1a500a9322734c5f9'), ('XDG_MENU_PREFIX', 'gnome-'), ('GNOME_TERMINAL_SCREEN', '/org/gnome/Terminal/screen/a0d73f7c_26ad_43ac_a88d_90bbfe1876bd'), ('XDG_RUNTIME_DIR', '/run/user/1000'), ('DISPLAY', ':1'), ('LANG', 'en_US.UTF-8'), ('XDG_CURRENT_DESKTOP', 'ubuntu:GNOME'), ('XMODIFIERS', '@im=ibus'), ('XDG_SESSION_DESKTOP', 'ubuntu'), ('XAUTHORITY', '/run/user/1000/gdm/Xauthority'), ('LS_COLORS', 'rs=0:di=01;34:ln=01;36:mh=00:pi=40;33:so=01;35:do=01;35:bd=40;33;01:cd=40;33;01:or=40;31;01:mi=00:su=37;41:sg=30;43:ca=30;41:tw=30;42:ow=34;42:st=37;44:ex=01;32:*.tar=01;31:*.tgz=01;31:*.arc=01;31:*.arj=01;31:*.taz=01;31:*.lha=01;31:*.lz4=01;31:*.lzh=01;31:*.lzma=01;31:*.tlz=01;31:*.txz=01;31:*.tzo=01;31:*.t7z=01;31:*.zip=01;31:*.z=01;31:*.dz=01;31:*.gz=01;31:*.lrz=01;31:*.lz=01;31:*.lzo=01;31:*.xz=01;31:*.zst=01;31:*.tzst=01;31:*.bz2=01;31:*.bz=01;31:*.tbz=01;31:*.tbz2=01;31:*.tz=01;31:*.deb=01;31:*.rpm=01;31:*.jar=01;31:*.war=01;31:*.ear=01;31:*.sar=01;31:*.rar=01;31:*.alz=01;31:*.ace=01;31:*.zoo=01;31:*.cpio=01;31:*.7z=01;31:*.rz=01;31:*.cab=01;31:*.wim=01;31:*.swm=01;31:*.dwm=01;31:*.esd=01;31:*.jpg=01;35:*.jpeg=01;35:*.mjpg=01;35:*.mjpeg=01;35:*.gif=01;35:*.bmp=01;35:*.pbm=01;35:*.pgm=01;35:*.ppm=01;35:*.tga=01;35:*.xbm=01;35:*.xpm=01;35:*.tif=01;35:*.tiff=01;35:*.png=01;35:*.svg=01;35:*.svgz=01;35:*.mng=01;35:*.pcx=01;35:*.mov=01;35:*.mpg=01;35:*.mpeg=01;35:*.m2v=01;35:*.mkv=01;35:*.webm=01;35:*.ogm=01;35:*.mp4=01;35:*.m4v=01;35:*.mp4v=01;35:*.vob=01;35:*.qt=01;35:*.nuv=01;35:*.wmv=01;35:*.asf=01;35:*.rm=01;35:*.rmvb=01;35:*.flc=01;35:*.avi=01;35:*.fli=01;35:*.flv=01;35:*.gl=01;35:*.dl=01;35:*.xcf=01;35:*.xwd=01;35:*.yuv=01;35:*.cgm=01;35:*.emf=01;35:*.ogv=01;35:*.ogx=01;35:*.aac=00;36:*.au=00;36:*.flac=00;36:*.m4a=00;36:*.mid=00;36:*.midi=00;36:*.mka=00;36:*.mp3=00;36:*.mpc=00;36:*.ogg=00;36:*.ra=00;36:*.wav=00;36:*.oga=00;36:*.opus=00;36:*.spx=00;36:*.xspf=00;36:'), ('GNOME_TERMINAL_SERVICE', ':1.108'), ('SSH_AUTH_SOCK', '/run/user/1000/keyring/ssh'), ('ROS_DOMAIN_ID', '1'), ('AMENT_PREFIX_PATH', '/opt/ros/foxy'), ('SHELL', '/bin/bash'), ('QT_ACCESSIBILITY', '1'), ('GDMSESSION', 'ubuntu'), ('LESSCLOSE', '/usr/bin/lesspipe %s %s'), ('GPG_AGENT_INFO', '/run/user/1000/gnupg/S.gpg-agent:0:1'), ('QT_IM_MODULE', 'ibus'), ('PWD', '/home/emine/ros2_ws/build/tutorial_interfaces'), ('LC_ALL', 'en_US.UTF-8'), ('XDG_CONFIG_DIRS', '/etc/xdg/xdg-ubuntu:/etc/xdg'), ('XDG_DATA_DIRS', '/usr/share/ubuntu:/usr/local/share/:/usr/share/:/var/lib/snapd/desktop'), ('PYTHONPATH', '/opt/ros/foxy/lib/python3.8/site-packages'), ('COLCON', '1'), ('VTE_VERSION', '6003')]), 'shell': False}
[0.071300] (tutorial_interfaces) StdoutLine: {'line': b'-- Found ament_cmake: 0.9.12 (/opt/ros/foxy/share/ament_cmake/cmake)\n'}
[0.084191] (tutorial_interfaces) StdoutLine: {'line': b'-- Using PYTHON_EXECUTABLE: /usr/bin/python3\n'}
[0.099970] (-) TimerEvent: {}
[0.184374] (tutorial_interfaces) StdoutLine: {'line': b'-- Found ament_lint_auto: 0.9.8 (/opt/ros/foxy/share/ament_lint_auto/cmake)\n'}
[0.200121] (-) TimerEvent: {}
[0.211027] (tutorial_interfaces) StderrLine: {'line': b"Error parsing '/home/emine/ros2_ws/src/tutorial_interfaces/package.xml':\n"}
[0.275887] (tutorial_interfaces) StderrLine: {'line': b'Traceback (most recent call last):\n'}
[0.276001] (tutorial_interfaces) StderrLine: {'line': b'  File "/usr/lib/python3/dist-packages/catkin_pkg/package.py", line 610, in parse_package_string\n'}
[0.276047] (tutorial_interfaces) StderrLine: {'line': b'    root = dom.parseString(data)\n'}
[0.276092] (tutorial_interfaces) StderrLine: {'line': b'  File "/usr/lib/python3.8/xml/dom/minidom.py", line 1969, in parseString\n'}
[0.276126] (tutorial_interfaces) StderrLine: {'line': b'    return expatbuilder.parseString(string)\n'}
[0.276158] (tutorial_interfaces) StderrLine: {'line': b'  File "/usr/lib/python3.8/xml/dom/expatbuilder.py", line 925, in parseString\n'}
[0.276190] (tutorial_interfaces) StderrLine: {'line': b'    return builder.parseString(string)\n'}
[0.276222] (tutorial_interfaces) StderrLine: {'line': b'  File "/usr/lib/python3.8/xml/dom/expatbuilder.py", line 223, in parseString\n'}
[0.276253] (tutorial_interfaces) StderrLine: {'line': b'    parser.Parse(string, True)\n'}
[0.276284] (tutorial_interfaces) StderrLine: {'line': b'xml.parsers.expat.ExpatError: not well-formed (invalid token): line 4, column 0\n'}
[0.276315] (tutorial_interfaces) StderrLine: {'line': b'\n'}
[0.276345] (tutorial_interfaces) StderrLine: {'line': b'During handling of the above exception, another exception occurred:\n'}
[0.276377] (tutorial_interfaces) StderrLine: {'line': b'\n'}
[0.276407] (tutorial_interfaces) StderrLine: {'line': b'Traceback (most recent call last):\n'}
[0.276438] (tutorial_interfaces) StderrLine: {'line': b'  File "/opt/ros/foxy/share/ament_cmake_core/cmake/core/package_xml_2_cmake.py", line 143, in <module>\n'}
[0.276475] (tutorial_interfaces) StderrLine: {'line': b'    main()\n'}
[0.276506] (tutorial_interfaces) StderrLine: {'line': b'  File "/opt/ros/foxy/share/ament_cmake_core/cmake/core/package_xml_2_cmake.py", line 52, in main\n'}
[0.276537] (tutorial_interfaces) StderrLine: {'line': b'    raise e\n'}
[0.276567] (tutorial_interfaces) StderrLine: {'line': b'  File "/opt/ros/foxy/share/ament_cmake_core/cmake/core/package_xml_2_cmake.py", line 48, in main\n'}
[0.276597] (tutorial_interfaces) StderrLine: {'line': b'    package = parse_package_string(\n'}
[0.276627] (tutorial_interfaces) StderrLine: {'line': b'  File "/usr/lib/python3/dist-packages/catkin_pkg/package.py", line 612, in parse_package_string\n'}
[0.276658] (tutorial_interfaces) StderrLine: {'line': b"    raise InvalidPackage('The manifest contains invalid XML:\\n%s' % ex, filename)\n"}
[0.276688] (tutorial_interfaces) StderrLine: {'line': b"catkin_pkg.package.InvalidPackage: Error(s) in package '/home/emine/ros2_ws/src/tutorial_interfaces/package.xml':\n"}
[0.276721] (tutorial_interfaces) StderrLine: {'line': b'The manifest contains invalid XML:\n'}
[0.276751] (tutorial_interfaces) StderrLine: {'line': b'not well-formed (invalid token): line 4, column 0\n'}
[0.286548] (tutorial_interfaces) StderrLine: {'line': b'CMake Error at /opt/ros/foxy/share/ament_cmake_core/cmake/core/ament_package_xml.cmake:94 (message):\n'}
[0.286641] (tutorial_interfaces) StderrLine: {'line': b'  execute_process(/usr/bin/python3\n'}
[0.286679] (tutorial_interfaces) StderrLine: {'line': b'  /opt/ros/foxy/share/ament_cmake_core/cmake/core/package_xml_2_cmake.py\n'}
[0.286712] (tutorial_interfaces) StderrLine: {'line': b'  /home/emine/ros2_ws/src/tutorial_interfaces/package.xml\n'}
[0.286744] (tutorial_interfaces) StderrLine: {'line': b'  /home/emine/ros2_ws/build/tutorial_interfaces/ament_cmake_core/package.cmake)\n'}
[0.286777] (tutorial_interfaces) StderrLine: {'line': b'  returned error code 1\n'}
[0.286810] (tutorial_interfaces) StderrLine: {'line': b'Call Stack (most recent call first):\n'}
[0.286842] (tutorial_interfaces) StderrLine: {'line': b'  /opt/ros/foxy/share/ament_cmake_core/cmake/core/ament_package_xml.cmake:49 (_ament_package_xml)\n'}
[0.286874] (tutorial_interfaces) StderrLine: {'line': b'  /opt/ros/foxy/share/ament_lint_auto/cmake/ament_lint_auto_find_test_dependencies.cmake:31 (ament_package_xml)\n'}
[0.287029] (tutorial_interfaces) StderrLine: {'line': b'  CMakeLists.txt:32 (ament_lint_auto_find_test_dependencies)\n'}
[0.287078] (tutorial_interfaces) StderrLine: {'line': b'\n'}
[0.287113] (tutorial_interfaces) StderrLine: {'line': b'\n'}
[0.287145] (tutorial_interfaces) StdoutLine: {'line': b'-- Configuring incomplete, errors occurred!\n'}
[0.287183] (tutorial_interfaces) StdoutLine: {'line': b'See also "/home/emine/ros2_ws/build/tutorial_interfaces/CMakeFiles/CMakeOutput.log".\n'}
[0.288894] (tutorial_interfaces) CommandEnded: {'returncode': 1}
[0.289358] (tutorial_interfaces) JobEnded: {'identifier': 'tutorial_interfaces', 'rc': 1}
[0.299901] (-) EventReactorShutdown: {}
