[0.063s] Invoking command in '/home/emine/ros2_ws/build/tutorial_interfaces': /usr/bin/cmake /home/emine/ros2_ws/src/tutorial_interfaces -DCMAKE_INSTALL_PREFIX=/home/emine/ros2_ws/install/tutorial_interfaces
[0.149s] -- The C compiler identification is GNU 9.4.0
[0.223s] -- The CXX compiler identification is GNU 9.4.0
[0.227s] -- Check for working C compiler: /usr/bin/cc
[0.284s] -- Check for working C compiler: /usr/bin/cc -- works
[0.284s] -- Detecting C compiler ABI info
[0.360s] -- Detecting C compiler ABI info - done
[0.373s] -- Detecting C compile features
[0.374s] -- Detecting C compile features - done
[0.377s] -- Check for working CXX compiler: /usr/bin/c++
[0.459s] -- Check for working CXX compiler: /usr/bin/c++ -- works
[0.460s] -- Detecting CXX compiler ABI info
[0.529s] -- Detecting CXX compiler ABI info - done
[0.535s] -- Detecting CXX compile features
[0.536s] -- Detecting CXX compile features - done
[0.538s] -- Found ament_cmake: 0.9.12 (/opt/ros/foxy/share/ament_cmake/cmake)
[0.563s] -- Found PythonInterp: /usr/bin/python3 (found suitable version "3.8.10", minimum required is "3") 
[0.563s] -- Using PYTHON_EXECUTABLE: /usr/bin/python3
[0.677s] -- Found ament_lint_auto: 0.9.8 (/opt/ros/foxy/share/ament_lint_auto/cmake)
[0.703s] Error parsing '/home/emine/ros2_ws/src/tutorial_interfaces/package.xml':
[0.769s] Traceback (most recent call last):
[0.769s]   File "/usr/lib/python3/dist-packages/catkin_pkg/package.py", line 610, in parse_package_string
[0.769s]     root = dom.parseString(data)
[0.769s]   File "/usr/lib/python3.8/xml/dom/minidom.py", line 1969, in parseString
[0.769s]     return expatbuilder.parseString(string)
[0.769s]   File "/usr/lib/python3.8/xml/dom/expatbuilder.py", line 925, in parseString
[0.769s]     return builder.parseString(string)
[0.769s]   File "/usr/lib/python3.8/xml/dom/expatbuilder.py", line 223, in parseString
[0.769s]     parser.Parse(string, True)
[0.770s] xml.parsers.expat.ExpatError: not well-formed (invalid token): line 4, column 0
[0.770s] 
[0.770s] During handling of the above exception, another exception occurred:
[0.770s] 
[0.770s] Traceback (most recent call last):
[0.770s]   File "/opt/ros/foxy/share/ament_cmake_core/cmake/core/package_xml_2_cmake.py", line 143, in <module>
[0.770s]     main()
[0.770s]   File "/opt/ros/foxy/share/ament_cmake_core/cmake/core/package_xml_2_cmake.py", line 52, in main
[0.770s]     raise e
[0.770s]   File "/opt/ros/foxy/share/ament_cmake_core/cmake/core/package_xml_2_cmake.py", line 48, in main
[0.770s]     package = parse_package_string(
[0.770s]   File "/usr/lib/python3/dist-packages/catkin_pkg/package.py", line 612, in parse_package_string
[0.770s]     raise InvalidPackage('The manifest contains invalid XML:\n%s' % ex, filename)
[0.770s] catkin_pkg.package.InvalidPackage: Error(s) in package '/home/emine/ros2_ws/src/tutorial_interfaces/package.xml':
[0.770s] The manifest contains invalid XML:
[0.770s] not well-formed (invalid token): line 4, column 0
[0.779s] CMake Error at /opt/ros/foxy/share/ament_cmake_core/cmake/core/ament_package_xml.cmake:94 (message):
[0.779s]   execute_process(/usr/bin/python3
[0.779s]   /opt/ros/foxy/share/ament_cmake_core/cmake/core/package_xml_2_cmake.py
[0.779s]   /home/emine/ros2_ws/src/tutorial_interfaces/package.xml
[0.779s]   /home/emine/ros2_ws/build/tutorial_interfaces/ament_cmake_core/package.cmake)
[0.779s]   returned error code 1
[0.779s] Call Stack (most recent call first):
[0.779s]   /opt/ros/foxy/share/ament_cmake_core/cmake/core/ament_package_xml.cmake:49 (_ament_package_xml)
[0.780s]   /opt/ros/foxy/share/ament_lint_auto/cmake/ament_lint_auto_find_test_dependencies.cmake:31 (ament_package_xml)
[0.780s]   CMakeLists.txt:32 (ament_lint_auto_find_test_dependencies)
[0.780s] 
[0.780s] 
[0.780s] -- Configuring incomplete, errors occurred!
[0.780s] See also "/home/emine/ros2_ws/build/tutorial_interfaces/CMakeFiles/CMakeOutput.log".
[0.782s] Invoked command in '/home/emine/ros2_ws/build/tutorial_interfaces' returned '1': /usr/bin/cmake /home/emine/ros2_ws/src/tutorial_interfaces -DCMAKE_INSTALL_PREFIX=/home/emine/ros2_ws/install/tutorial_interfaces
