[0.000000] (-) TimerEvent: {}
[0.000083] (-) JobUnselected: {'identifier': 'examples_rclcpp_minimal_action_client'}
[0.000100] (-) JobUnselected: {'identifier': 'examples_rclcpp_minimal_action_server'}
[0.000112] (-) JobUnselected: {'identifier': 'examples_rclcpp_minimal_client'}
[0.000121] (-) JobUnselected: {'identifier': 'examples_rclcpp_minimal_composition'}
[0.000130] (-) JobUnselected: {'identifier': 'examples_rclcpp_minimal_publisher'}
[0.000139] (-) JobUnselected: {'identifier': 'examples_rclcpp_minimal_service'}
[0.000147] (-) JobUnselected: {'identifier': 'examples_rclcpp_minimal_subscriber'}
[0.000155] (-) JobUnselected: {'identifier': 'examples_rclcpp_minimal_timer'}
[0.000164] (-) JobUnselected: {'identifier': 'examples_rclcpp_multithreaded_executor'}
[0.000172] (-) JobUnselected: {'identifier': 'examples_rclpy_executors'}
[0.000180] (-) JobUnselected: {'identifier': 'examples_rclpy_minimal_action_client'}
[0.000188] (-) JobUnselected: {'identifier': 'examples_rclpy_minimal_action_server'}
[0.000197] (-) JobUnselected: {'identifier': 'examples_rclpy_minimal_client'}
[0.000205] (-) JobUnselected: {'identifier': 'examples_rclpy_minimal_publisher'}
[0.000213] (-) JobUnselected: {'identifier': 'examples_rclpy_minimal_service'}
[0.000221] (-) JobUnselected: {'identifier': 'examples_rclpy_minimal_subscriber'}
[0.000230] (-) JobUnselected: {'identifier': 'my_package'}
[0.000238] (-) JobUnselected: {'identifier': 'py_pubsub'}
[0.000246] (-) JobUnselected: {'identifier': 'py_srvcli'}
[0.000257] (-) JobUnselected: {'identifier': 'turtlesim'}
[0.000267] (tutorial_interfaces) JobQueued: {'identifier': 'tutorial_interfaces', 'dependencies': OrderedDict()}
[0.000278] (tutorial_interfaces) JobStarted: {'identifier': 'tutorial_interfaces'}
[0.084497] (tutorial_interfaces) JobProgress: {'identifier': 'tutorial_interfaces', 'progress': 'cmake'}
[0.084882] (tutorial_interfaces) Command: {'cmd': ['/usr/bin/cmake', '/home/emine/ros2_ws/src/tutorial_interfaces', '-DCMAKE_INSTALL_PREFIX=/home/emine/ros2_ws/install/tutorial_interfaces'], 'cwd': '/home/emine/ros2_ws/build/tutorial_interfaces', 'env': OrderedDict([('LESSOPEN', '| /usr/bin/lesspipe %s'), ('USER', 'emine'), ('SSH_AGENT_PID', '1936'), ('XDG_SESSION_TYPE', 'x11'), ('SHLVL', '1'), ('LD_LIBRARY_PATH', '/home/emine/ros2_ws/install/turtlesim/lib:/home/emine/ros2_ws/install/examples_rclcpp_minimal_composition/lib:/opt/ros/foxy/opt/yaml_cpp_vendor/lib:/opt/ros/foxy/opt/rviz_ogre_vendor/lib:/opt/ros/foxy/lib/x86_64-linux-gnu:/opt/ros/foxy/lib'), ('HOME', '/home/emine'), ('OLDPWD', '/home/emine/ros2_ws/src'), ('DESKTOP_SESSION', 'ubuntu'), ('ROS_PYTHON_VERSION', '3'), ('GNOME_SHELL_SESSION_MODE', 'ubuntu'), ('GTK_MODULES', 'gail:atk-bridge'), ('MANAGERPID', '1707'), ('DBUS_SESSION_BUS_ADDRESS', 'unix:path=/run/user/1000/bus'), ('LC_all', 'en_USu.'), ('COLORTERM', 'truecolor'), ('_colcon_cd_root', '/opt/ros/foxy/'), ('IM_CONFIG_PHASE', '1'), ('COLCON_PREFIX_PATH', '/home/emine/ros2_ws/install'), ('ROS_DISTRO', 'foxy'), ('LOGNAME', 'emine'), ('JOURNAL_STREAM', '8:53675'), ('_', '/usr/bin/colcon'), ('ROS_VERSION', '2'), ('XDG_SESSION_CLASS', 'user'), ('USERNAME', 'emine'), ('TERM', 'xterm-256color'), ('GNOME_DESKTOP_SESSION_ID', 'this-is-deprecated'), ('ROS_LOCALHOST_ONLY', '1'), ('WINDOWPATH', '2'), ('PATH', '/opt/ros/foxy/bin:/usr/local/sbin:/usr/local/bin:/usr/sbin:/usr/bin:/sbin:/bin:/usr/games:/usr/local/games:/snap/bin'), ('SESSION_MANAGER', 'local/emine-TULPAR-T5-V21-6:@/tmp/.ICE-unix/1974,unix/emine-TULPAR-T5-V21-6:/tmp/.ICE-unix/1974'), ('INVOCATION_ID', '509478c0a30c4fb1a500a9322734c5f9'), ('XDG_MENU_PREFIX', 'gnome-'), ('GNOME_TERMINAL_SCREEN', '/org/gnome/Terminal/screen/224e9ed3_c060_4ce7_80ef_f86428d2e124'), ('XDG_RUNTIME_DIR', '/run/user/1000'), ('DISPLAY', ':1'), ('LANG', 'en_US.UTF-8'), ('XDG_CURRENT_DESKTOP', 'ubuntu:GNOME'), ('XMODIFIERS', '@im=ibus'), ('XDG_SESSION_DESKTOP', 'ubuntu'), ('XAUTHORITY', '/run/user/1000/gdm/Xauthority'), ('LS_COLORS', 'rs=0:di=01;34:ln=01;36:mh=00:pi=40;33:so=01;35:do=01;35:bd=40;33;01:cd=40;33;01:or=40;31;01:mi=00:su=37;41:sg=30;43:ca=30;41:tw=30;42:ow=34;42:st=37;44:ex=01;32:*.tar=01;31:*.tgz=01;31:*.arc=01;31:*.arj=01;31:*.taz=01;31:*.lha=01;31:*.lz4=01;31:*.lzh=01;31:*.lzma=01;31:*.tlz=01;31:*.txz=01;31:*.tzo=01;31:*.t7z=01;31:*.zip=01;31:*.z=01;31:*.dz=01;31:*.gz=01;31:*.lrz=01;31:*.lz=01;31:*.lzo=01;31:*.xz=01;31:*.zst=01;31:*.tzst=01;31:*.bz2=01;31:*.bz=01;31:*.tbz=01;31:*.tbz2=01;31:*.tz=01;31:*.deb=01;31:*.rpm=01;31:*.jar=01;31:*.war=01;31:*.ear=01;31:*.sar=01;31:*.rar=01;31:*.alz=01;31:*.ace=01;31:*.zoo=01;31:*.cpio=01;31:*.7z=01;31:*.rz=01;31:*.cab=01;31:*.wim=01;31:*.swm=01;31:*.dwm=01;31:*.esd=01;31:*.jpg=01;35:*.jpeg=01;35:*.mjpg=01;35:*.mjpeg=01;35:*.gif=01;35:*.bmp=01;35:*.pbm=01;35:*.pgm=01;35:*.ppm=01;35:*.tga=01;35:*.xbm=01;35:*.xpm=01;35:*.tif=01;35:*.tiff=01;35:*.png=01;35:*.svg=01;35:*.svgz=01;35:*.mng=01;35:*.pcx=01;35:*.mov=01;35:*.mpg=01;35:*.mpeg=01;35:*.m2v=01;35:*.mkv=01;35:*.webm=01;35:*.ogm=01;35:*.mp4=01;35:*.m4v=01;35:*.mp4v=01;35:*.vob=01;35:*.qt=01;35:*.nuv=01;35:*.wmv=01;35:*.asf=01;35:*.rm=01;35:*.rmvb=01;35:*.flc=01;35:*.avi=01;35:*.fli=01;35:*.flv=01;35:*.gl=01;35:*.dl=01;35:*.xcf=01;35:*.xwd=01;35:*.yuv=01;35:*.cgm=01;35:*.emf=01;35:*.ogv=01;35:*.ogx=01;35:*.aac=00;36:*.au=00;36:*.flac=00;36:*.m4a=00;36:*.mid=00;36:*.midi=00;36:*.mka=00;36:*.mp3=00;36:*.mpc=00;36:*.ogg=00;36:*.ra=00;36:*.wav=00;36:*.oga=00;36:*.opus=00;36:*.spx=00;36:*.xspf=00;36:'), ('GNOME_TERMINAL_SERVICE', ':1.108'), ('SSH_AUTH_SOCK', '/run/user/1000/keyring/ssh'), ('ROS_DOMAIN_ID', '1'), ('AMENT_PREFIX_PATH', '/home/emine/ros2_ws/install/turtlesim:/home/emine/ros2_ws/install/py_srvcli:/home/emine/ros2_ws/install/py_pubsub:/home/emine/ros2_ws/install/my_package:/home/emine/ros2_ws/install/examples_rclpy_minimal_subscriber:/home/emine/ros2_ws/install/examples_rclpy_minimal_service:/home/emine/ros2_ws/install/examples_rclpy_minimal_publisher:/home/emine/ros2_ws/install/examples_rclpy_minimal_client:/home/emine/ros2_ws/install/examples_rclpy_minimal_action_server:/home/emine/ros2_ws/install/examples_rclpy_minimal_action_client:/home/emine/ros2_ws/install/examples_rclpy_executors:/home/emine/ros2_ws/install/examples_rclcpp_multithreaded_executor:/home/emine/ros2_ws/install/examples_rclcpp_minimal_timer:/home/emine/ros2_ws/install/examples_rclcpp_minimal_subscriber:/home/emine/ros2_ws/install/examples_rclcpp_minimal_service:/home/emine/ros2_ws/install/examples_rclcpp_minimal_publisher:/home/emine/ros2_ws/install/examples_rclcpp_minimal_composition:/home/emine/ros2_ws/install/examples_rclcpp_minimal_client:/home/emine/ros2_ws/install/examples_rclcpp_minimal_action_server:/home/emine/ros2_ws/install/examples_rclcpp_minimal_action_client:/opt/ros/foxy'), ('SHELL', '/bin/bash'), ('QT_ACCESSIBILITY', '1'), ('GDMSESSION', 'ubuntu'), ('LESSCLOSE', '/usr/bin/lesspipe %s %s'), ('GPG_AGENT_INFO', '/run/user/1000/gnupg/S.gpg-agent:0:1'), ('QT_IM_MODULE', 'ibus'), ('PWD', '/home/emine/ros2_ws/build/tutorial_interfaces'), ('LC_ALL', 'en_US.UTF-8'), ('XDG_CONFIG_DIRS', '/etc/xdg/xdg-ubuntu:/etc/xdg'), ('XDG_DATA_DIRS', '/usr/share/ubuntu:/usr/local/share/:/usr/share/:/var/lib/snapd/desktop'), ('PYTHONPATH', '/home/emine/ros2_ws/install/turtlesim/lib/python3.8/site-packages:/home/emine/ros2_ws/install/py_srvcli/lib/python3.8/site-packages:/home/emine/ros2_ws/install/py_pubsub/lib/python3.8/site-packages:/home/emine/ros2_ws/install/examples_rclpy_minimal_subscriber/lib/python3.8/site-packages:/home/emine/ros2_ws/install/examples_rclpy_minimal_service/lib/python3.8/site-packages:/home/emine/ros2_ws/install/examples_rclpy_minimal_publisher/lib/python3.8/site-packages:/home/emine/ros2_ws/install/examples_rclpy_minimal_client/lib/python3.8/site-packages:/home/emine/ros2_ws/install/examples_rclpy_minimal_action_server/lib/python3.8/site-packages:/home/emine/ros2_ws/install/examples_rclpy_minimal_action_client/lib/python3.8/site-packages:/home/emine/ros2_ws/install/examples_rclpy_executors/lib/python3.8/site-packages:/opt/ros/foxy/lib/python3.8/site-packages'), ('COLCON', '1'), ('VTE_VERSION', '6003'), ('CMAKE_PREFIX_PATH', '/home/emine/ros2_ws/install/turtlesim:/home/emine/ros2_ws/install/my_package:/home/emine/ros2_ws/install/examples_rclcpp_multithreaded_executor:/home/emine/ros2_ws/install/examples_rclcpp_minimal_timer:/home/emine/ros2_ws/install/examples_rclcpp_minimal_subscriber:/home/emine/ros2_ws/install/examples_rclcpp_minimal_service:/home/emine/ros2_ws/install/examples_rclcpp_minimal_publisher:/home/emine/ros2_ws/install/examples_rclcpp_minimal_composition:/home/emine/ros2_ws/install/examples_rclcpp_minimal_client:/home/emine/ros2_ws/install/examples_rclcpp_minimal_action_server:/home/emine/ros2_ws/install/examples_rclcpp_minimal_action_client')]), 'shell': False}
[0.094779] (tutorial_interfaces) StdoutLine: {'line': b'-- Found ament_cmake: 0.9.12 (/opt/ros/foxy/share/ament_cmake/cmake)\n'}
[0.099543] (-) TimerEvent: {}
[0.112629] (tutorial_interfaces) StdoutLine: {'line': b'-- Using PYTHON_EXECUTABLE: /usr/bin/python3\n'}
[0.199629] (-) TimerEvent: {}
[0.219224] (tutorial_interfaces) StdoutLine: {'line': b'-- Found ament_lint_auto: 0.9.8 (/opt/ros/foxy/share/ament_lint_auto/cmake)\n'}
[0.250207] (tutorial_interfaces) StderrLine: {'line': b"Error parsing '/home/emine/ros2_ws/src/tutorial_interfaces/package.xml':\n"}
[0.299804] (-) TimerEvent: {}
[0.317984] (tutorial_interfaces) StderrLine: {'line': b'Traceback (most recent call last):\n'}
[0.318274] (tutorial_interfaces) StderrLine: {'line': b'  File "/usr/lib/python3/dist-packages/catkin_pkg/package.py", line 610, in parse_package_string\n'}
[0.318445] (tutorial_interfaces) StderrLine: {'line': b'    root = dom.parseString(data)\n'}
[0.318599] (tutorial_interfaces) StderrLine: {'line': b'  File "/usr/lib/python3.8/xml/dom/minidom.py", line 1969, in parseString\n'}
[0.318728] (tutorial_interfaces) StderrLine: {'line': b'    return expatbuilder.parseString(string)\n'}
[0.318761] (tutorial_interfaces) StderrLine: {'line': b'  File "/usr/lib/python3.8/xml/dom/expatbuilder.py", line 925, in parseString\n'}
[0.318794] (tutorial_interfaces) StderrLine: {'line': b'    return builder.parseString(string)\n'}
[0.318827] (tutorial_interfaces) StderrLine: {'line': b'  File "/usr/lib/python3.8/xml/dom/expatbuilder.py", line 223, in parseString\n'}
[0.318859] (tutorial_interfaces) StderrLine: {'line': b'    parser.Parse(string, True)\n'}
[0.318891] (tutorial_interfaces) StderrLine: {'line': b'xml.parsers.expat.ExpatError: junk after document element: line 4, column 2\n'}
[0.318923] (tutorial_interfaces) StderrLine: {'line': b'\n'}
[0.318955] (tutorial_interfaces) StderrLine: {'line': b'During handling of the above exception, another exception occurred:\n'}
[0.318987] (tutorial_interfaces) StderrLine: {'line': b'\n'}
[0.319018] (tutorial_interfaces) StderrLine: {'line': b'Traceback (most recent call last):\n'}
[0.319049] (tutorial_interfaces) StderrLine: {'line': b'  File "/opt/ros/foxy/share/ament_cmake_core/cmake/core/package_xml_2_cmake.py", line 143, in <module>\n'}
[0.319081] (tutorial_interfaces) StderrLine: {'line': b'    main()\n'}
[0.319112] (tutorial_interfaces) StderrLine: {'line': b'  File "/opt/ros/foxy/share/ament_cmake_core/cmake/core/package_xml_2_cmake.py", line 52, in main\n'}
[0.319144] (tutorial_interfaces) StderrLine: {'line': b'    raise e\n'}
[0.319175] (tutorial_interfaces) StderrLine: {'line': b'  File "/opt/ros/foxy/share/ament_cmake_core/cmake/core/package_xml_2_cmake.py", line 48, in main\n'}
[0.319207] (tutorial_interfaces) StderrLine: {'line': b'    package = parse_package_string(\n'}
[0.319238] (tutorial_interfaces) StderrLine: {'line': b'  File "/usr/lib/python3/dist-packages/catkin_pkg/package.py", line 612, in parse_package_string\n'}
[0.319269] (tutorial_interfaces) StderrLine: {'line': b"    raise InvalidPackage('The manifest contains invalid XML:\\n%s' % ex, filename)\n"}
[0.319301] (tutorial_interfaces) StderrLine: {'line': b"catkin_pkg.package.InvalidPackage: Error(s) in package '/home/emine/ros2_ws/src/tutorial_interfaces/package.xml':\n"}
[0.319335] (tutorial_interfaces) StderrLine: {'line': b'The manifest contains invalid XML:\n'}
[0.319366] (tutorial_interfaces) StderrLine: {'line': b'junk after document element: line 4, column 2\n'}
[0.329014] (tutorial_interfaces) StderrLine: {'line': b'CMake Error at /opt/ros/foxy/share/ament_cmake_core/cmake/core/ament_package_xml.cmake:94 (message):\n'}
[0.329118] (tutorial_interfaces) StderrLine: {'line': b'  execute_process(/usr/bin/python3\n'}
[0.329158] (tutorial_interfaces) StderrLine: {'line': b'  /opt/ros/foxy/share/ament_cmake_core/cmake/core/package_xml_2_cmake.py\n'}
[0.329193] (tutorial_interfaces) StderrLine: {'line': b'  /home/emine/ros2_ws/src/tutorial_interfaces/package.xml\n'}
[0.329227] (tutorial_interfaces) StderrLine: {'line': b'  /home/emine/ros2_ws/build/tutorial_interfaces/ament_cmake_core/package.cmake)\n'}
[0.329292] (tutorial_interfaces) StderrLine: {'line': b'  returned error code 1\n'}
[0.329335] (tutorial_interfaces) StderrLine: {'line': b'Call Stack (most recent call first):\n'}
[0.329369] (tutorial_interfaces) StderrLine: {'line': b'  /opt/ros/foxy/share/ament_cmake_core/cmake/core/ament_package_xml.cmake:49 (_ament_package_xml)\n'}
[0.329401] (tutorial_interfaces) StderrLine: {'line': b'  /opt/ros/foxy/share/ament_lint_auto/cmake/ament_lint_auto_find_test_dependencies.cmake:31 (ament_package_xml)\n'}
[0.329433] (tutorial_interfaces) StderrLine: {'line': b'  CMakeLists.txt:32 (ament_lint_auto_find_test_dependencies)\n'}
[0.329465] (tutorial_interfaces) StderrLine: {'line': b'\n'}
[0.329497] (tutorial_interfaces) StderrLine: {'line': b'\n'}
[0.329528] (tutorial_interfaces) StdoutLine: {'line': b'-- Configuring incomplete, errors occurred!\n'}
[0.329566] (tutorial_interfaces) StdoutLine: {'line': b'See also "/home/emine/ros2_ws/build/tutorial_interfaces/CMakeFiles/CMakeOutput.log".\n'}
[0.331170] (tutorial_interfaces) CommandEnded: {'returncode': 1}
[0.331777] (tutorial_interfaces) JobEnded: {'identifier': 'tutorial_interfaces', 'rc': 1}
[0.342255] (-) EventReactorShutdown: {}
