[0.086s] Invoking command in '/home/emine/ros2_ws/build/tutorial_interfaces': /usr/bin/cmake /home/emine/ros2_ws/src/tutorial_interfaces -DCMAKE_INSTALL_PREFIX=/home/emine/ros2_ws/install/tutorial_interfaces
[0.095s] -- Found ament_cmake: 0.9.12 (/opt/ros/foxy/share/ament_cmake/cmake)
[0.112s] -- Using PYTHON_EXECUTABLE: /usr/bin/python3
[0.219s] -- Found ament_lint_auto: 0.9.8 (/opt/ros/foxy/share/ament_lint_auto/cmake)
[0.250s] Error parsing '/home/emine/ros2_ws/src/tutorial_interfaces/package.xml':
[0.318s] Traceback (most recent call last):
[0.318s]   File "/usr/lib/python3/dist-packages/catkin_pkg/package.py", line 610, in parse_package_string
[0.318s]     root = dom.parseString(data)
[0.318s]   File "/usr/lib/python3.8/xml/dom/minidom.py", line 1969, in parseString
[0.318s]     return expatbuilder.parseString(string)
[0.319s]   File "/usr/lib/python3.8/xml/dom/expatbuilder.py", line 925, in parseString
[0.319s]     return builder.parseString(string)
[0.319s]   File "/usr/lib/python3.8/xml/dom/expatbuilder.py", line 223, in parseString
[0.319s]     parser.Parse(string, True)
[0.319s] xml.parsers.expat.ExpatError: junk after document element: line 4, column 2
[0.319s] 
[0.319s] During handling of the above exception, another exception occurred:
[0.319s] 
[0.319s] Traceback (most recent call last):
[0.319s]   File "/opt/ros/foxy/share/ament_cmake_core/cmake/core/package_xml_2_cmake.py", line 143, in <module>
[0.319s]     main()
[0.319s]   File "/opt/ros/foxy/share/ament_cmake_core/cmake/core/package_xml_2_cmake.py", line 52, in main
[0.319s]     raise e
[0.319s]   File "/opt/ros/foxy/share/ament_cmake_core/cmake/core/package_xml_2_cmake.py", line 48, in main
[0.319s]     package = parse_package_string(
[0.319s]   File "/usr/lib/python3/dist-packages/catkin_pkg/package.py", line 612, in parse_package_string
[0.319s]     raise InvalidPackage('The manifest contains invalid XML:\n%s' % ex, filename)
[0.319s] catkin_pkg.package.InvalidPackage: Error(s) in package '/home/emine/ros2_ws/src/tutorial_interfaces/package.xml':
[0.319s] The manifest contains invalid XML:
[0.319s] junk after document element: line 4, column 2
[0.329s] CMake Error at /opt/ros/foxy/share/ament_cmake_core/cmake/core/ament_package_xml.cmake:94 (message):
[0.329s]   execute_process(/usr/bin/python3
[0.329s]   /opt/ros/foxy/share/ament_cmake_core/cmake/core/package_xml_2_cmake.py
[0.329s]   /home/emine/ros2_ws/src/tutorial_interfaces/package.xml
[0.329s]   /home/emine/ros2_ws/build/tutorial_interfaces/ament_cmake_core/package.cmake)
[0.329s]   returned error code 1
[0.329s] Call Stack (most recent call first):
[0.329s]   /opt/ros/foxy/share/ament_cmake_core/cmake/core/ament_package_xml.cmake:49 (_ament_package_xml)
[0.329s]   /opt/ros/foxy/share/ament_lint_auto/cmake/ament_lint_auto_find_test_dependencies.cmake:31 (ament_package_xml)
[0.329s]   CMakeLists.txt:32 (ament_lint_auto_find_test_dependencies)
[0.329s] 
[0.329s] 
[0.329s] -- Configuring incomplete, errors occurred!
[0.329s] See also "/home/emine/ros2_ws/build/tutorial_interfaces/CMakeFiles/CMakeOutput.log".
[0.331s] Invoked command in '/home/emine/ros2_ws/build/tutorial_interfaces' returned '1': /usr/bin/cmake /home/emine/ros2_ws/src/tutorial_interfaces -DCMAKE_INSTALL_PREFIX=/home/emine/ros2_ws/install/tutorial_interfaces
